###############################################################################
#                                                                             #
# IAR ELF Linker V6.50.2.4510/W32 for ARM               06/Mar/2013  23:07:27 #
# Copyright 2007-2012 IAR Systems AB.                                         #
#                                                                             #
#    Output file  =  C:\Program Files\IAR Systems\Embedded Workbench          #
#                    6.5\arm\examples\TexasInstruments\Stellaris\boards\ek-lm #
#                    3s1968\Lab3 - Part 2\ewarm\Exe\lab3.out                  #
#    Map file     =  C:\Program Files\IAR Systems\Embedded Workbench          #
#                    6.5\arm\examples\TexasInstruments\Stellaris\boards\ek-lm #
#                    3s1968\Lab3 - Part 2\ewarm\List\lab3.map                 #
#    Command line =  "C:\Program Files\IAR Systems\Embedded Workbench         #
#                    6.5\arm\examples\TexasInstruments\Stellaris\boards\ek-lm #
#                    3s1968\Lab3 - Part 2\ewarm\Obj\lab3.o" "C:\Program       #
#                    Files\IAR Systems\Embedded Workbench                     #
#                    6.5\arm\examples\TexasInstruments\Stellaris\boards\ek-lm #
#                    3s1968\Lab3 - Part 2\ewarm\Obj\startup.o" "C:\Program    #
#                    Files\IAR Systems\Embedded Workbench                     #
#                    6.5\arm\examples\TexasInstruments\Stellaris\driverlib\ew #
#                    arm-cm3\Exe\driverlib-cm3.a" --redirect                  #
#                    _Printf=_PrintfTiny --redirect _Scanf=_ScanfSmall -o     #
#                    "C:\Program Files\IAR Systems\Embedded Workbench         #
#                    6.5\arm\examples\TexasInstruments\Stellaris\boards\ek-lm #
#                    3s1968\Lab3 - Part 2\ewarm\Exe\lab3.out" --map           #
#                    "C:\Program Files\IAR Systems\Embedded Workbench         #
#                    6.5\arm\examples\TexasInstruments\Stellaris\boards\ek-lm #
#                    3s1968\Lab3 - Part 2\ewarm\List\lab3.map" --config       #
#                    "C:\Program Files\IAR Systems\Embedded Workbench         #
#                    6.5\arm\examples\TexasInstruments\Stellaris\boards\ek-lm #
#                    3s1968\Lab3 - Part 2\lab3.icf" --semihosting --entry     #
#                    __iar_program_start --vfe                                #
#                                                                             #
#                                                                             #
###############################################################################

*******************************************************************************
*** RUNTIME MODEL ATTRIBUTES
***

CppFlavor       = *
__SystemLibrary = DLib


*******************************************************************************
*** PLACEMENT SUMMARY
***

"A1":  place at start of [0x00000000-0x0003ffff] { ro section .intvec };
"P1":  place in [from 0x00000000 to 0x0003ffff] { ro };
"A2":  place at start of [0x20000000-0x2000ffff] { section VTABLE };
"P2":  place in [from 0x20000000 to 0x2000ffff] { rw, block HEAP };

  Section          Kind        Address   Size  Object
  -------          ----        -------   ----  ------
"A1":                                    0xf0
  .intvec          const    0x00000000   0xf0  startup.o [1]
                          - 0x000000f0   0xf0

"P1":                                   0x590
  .text            ro code  0x000000f0  0x1a0  sysctl.o [4]
  .text            ro code  0x00000290  0x110  timer.o [4]
  .text            ro code  0x000003a0   0xa4  interrupt.o [4]
  .text            ro code  0x00000444   0xe8  gpio.o [4]
  .text            ro code  0x0000052c   0xa0  lab3.o [1]
  .text            ro code  0x000005cc   0x28  data_init.o [5]
  .text            ro code  0x000005f4   0x22  zero_init3.o [5]
  .iar.init_table  const    0x00000618   0x10  - Linker created -
  .text            ro code  0x00000628   0x16  cmain.o [5]
  .text            ro code  0x0000063e    0x4  low_level_init.o [3]
  .text            ro code  0x00000642    0x4  exit.o [3]
  .text            ro code  0x00000648    0xa  cexit.o [5]
  .text            ro code  0x00000654   0x14  exit.o [6]
  .text            ro code  0x00000668    0xc  cstartup_M.o [5]
  .text            ro code  0x00000674    0xa  startup.o [1]
  .rodata          const    0x0000067e    0x0  zero_init3.o [5]
                          - 0x0000067e  0x58e

"A2":                                   0x26c
  VTABLE           zero     0x20000000  0x26c  interrupt.o [4]
                          - 0x2000026c  0x26c

"P2":                                   0x100
  .noinit          uninit   0x2000026c  0x100  startup.o [1]
                          - 0x2000036c  0x100


*******************************************************************************
*** INIT TABLE
***

          Address     Size
          -------     ----
Zero (__iar_zero_init3)
    1 destination range, total size 0x26c:
          0x20000000  0x26c



*******************************************************************************
*** MODULE SUMMARY
***

    Module            ro code  ro data  rw data
    ------            -------  -------  -------
C:\Program Files\IAR Systems\Embedded Workbench 6.5\arm\examples\TexasInstruments\Stellaris\boards\ek-lm3s1968\Lab3 - Part 2\ewarm\Obj: [1]
    lab3.o                160
    startup.o              10      240      256
    -------------------------------------------
    Total:                170      240      256

command line: [2]
    -------------------------------------------
    Total:

dl7M_tln.a: [3]
    exit.o                  4
    low_level_init.o        4
    -------------------------------------------
    Total:                  8

driverlib-cm3.a: [4]
    gpio.o                232
    interrupt.o           164               620
    sysctl.o              416
    timer.o               272
    -------------------------------------------
    Total:              1 084               620

rt7M_tl.a: [5]
    cexit.o                10
    cmain.o                22
    cstartup_M.o           12
    data_init.o            40
    zero_init3.o           34
    -------------------------------------------
    Total:                118

shb_l.a: [6]
    exit.o                 20
    -------------------------------------------
    Total:                 20

    Gaps                    4        2
    Linker created                  16
-----------------------------------------------
    Grand Total:        1 404      258      876


*******************************************************************************
*** ENTRY LIST
***

Entry                      Address   Size  Type      Object
-----                      -------   ----  ----      ------
?main                   0x00000629         Code  Gb  cmain.o [5]
FaultISR                0x0000067b    0x2  Code  Lc  startup.o [1]
GPIODirModeSet          0x00000445   0x28  Code  Gb  gpio.o [4]
GPIOPadConfigSet        0x0000046d   0x98  Code  Gb  gpio.o [4]
GPIOPinRead             0x00000505    0x6  Code  Gb  gpio.o [4]
GPIOPinTypeGPIOOutput   0x00000511    0xa  Code  Gb  gpio.o [4]
GPIOPinWrite            0x0000050b    0x6  Code  Gb  gpio.o [4]
IntDefaultHandler       0x0000067d    0x2  Code  Lc  startup.o [1]
IntEnable               0x000003c7   0x58  Code  Gb  interrupt.o [4]
IntRegister             0x000003a1   0x26  Code  Gb  interrupt.o [4]
NmiSR                   0x00000679    0x2  Code  Lc  startup.o [1]
Region$$Table$$Base     0x00000618          --   Gb  - Linker created -
Region$$Table$$Limit    0x00000628          --   Gb  - Linker created -
ResetISR                0x00000675    0x4  Code  Gb  startup.o [1]
SysCtlClockSet          0x00000149  0x116  Code  Gb  sysctl.o [4]
SysCtlDelay             0x00000141    0x8  Code  Gb  sysctl.o [4]
SysCtlLDOSet            0x00000139    0x8  Code  Gb  sysctl.o [4]
SysCtlPeripheralEnable  0x000000f1   0x1c  Code  Gb  sysctl.o [4]
TimerConfigure          0x000002bf   0x26  Code  Gb  timer.o [4]
TimerEnable             0x000002b3    0xc  Code  Gb  timer.o [4]
TimerIntClear           0x0000033d    0x4  Code  Gb  timer.o [4]
TimerIntEnable          0x00000333    0x4  Code  Gb  timer.o [4]
TimerIntNumberGet       0x00000291   0x22  Code  Lc  timer.o [4]
TimerIntRegister        0x000002f9   0x3a  Code  Gb  timer.o [4]
TimerLoadSet            0x000002e9   0x10  Code  Gb  timer.o [4]
__cmain                 0x00000629         Code  Gb  cmain.o [5]
__exit                  0x00000655   0x14  Code  Gb  exit.o [6]
__iar_data_init3        0x000005cd   0x28  Code  Gb  data_init.o [5]
__iar_program_start     0x00000669         Code  Gb  cstartup_M.o [5]
__iar_zero_init3        0x000005f5   0x22  Code  Gb  zero_init3.o [5]
__low_level_init        0x0000063f    0x4  Code  Gb  low_level_init.o [3]
__vector_table          0x00000000   0xf0  Data  Gb  startup.o [1]
_call_main              0x00000635         Code  Gb  cmain.o [5]
_exit                   0x00000649         Code  Gb  cexit.o [5]
_main                   0x0000063b         Code  Gb  cmain.o [5]
exit                    0x00000643    0x4  Code  Gb  exit.o [3]
g_pfnRAMVectors         0x20000000  0x26c  Data  Lc  interrupt.o [4]
g_ppulTimerIntMap       0x00000340   0x60  Data  Lc  timer.o [4]
g_pulEnRegs             0x00000430   0x14  Data  Lc  interrupt.o [4]
g_pulRCGCRegs           0x00000284    0xc  Data  Lc  sysctl.o [4]
intTimerA               0x0000052d   0x24  Code  Gb  lab3.o [1]
main                    0x00000551   0x5e  Code  Gb  lab3.o [1]
pulStack                0x2000026c  0x100  Data  Lc  startup.o [1]


[1] = C:\Program Files\IAR Systems\Embedded Workbench 6.5\arm\examples\TexasInstruments\Stellaris\boards\ek-lm3s1968\Lab3 - Part 2\ewarm\Obj
[2] = command line
[3] = dl7M_tln.a
[4] = driverlib-cm3.a
[5] = rt7M_tl.a
[6] = shb_l.a

  1 404 bytes of readonly  code memory
    258 bytes of readonly  data memory
    876 bytes of readwrite data memory

Errors: none
Warnings: none
