###############################################################################
#                                                                             #
# IAR ELF Linker V6.50.2.4510/W32 for ARM               27/Feb/2013  19:24:12 #
# Copyright 2007-2012 IAR Systems AB.                                         #
#                                                                             #
#    Output file  =  C:\Program Files\IAR Systems\Embedded Workbench          #
#                    6.5\arm\examples\TexasInstruments\Stellaris\boards\ek-lm #
#                    3s1968\Lab2 - Part A\ewarm\Exe\lab2.out                  #
#    Map file     =  C:\Program Files\IAR Systems\Embedded Workbench          #
#                    6.5\arm\examples\TexasInstruments\Stellaris\boards\ek-lm #
#                    3s1968\Lab2 - Part A\ewarm\List\lab2.map                 #
#    Command line =  "C:\Program Files\IAR Systems\Embedded Workbench         #
#                    6.5\arm\examples\TexasInstruments\Stellaris\boards\ek-lm #
#                    3s1968\Lab2 - Part A\ewarm\Obj\class-d.o" "C:\Program    #
#                    Files\IAR Systems\Embedded Workbench                     #
#                    6.5\arm\examples\TexasInstruments\Stellaris\boards\ek-lm #
#                    3s1968\Lab2 - Part A\ewarm\Obj\lab2.o" "C:\Program       #
#                    Files\IAR Systems\Embedded Workbench                     #
#                    6.5\arm\examples\TexasInstruments\Stellaris\boards\ek-lm #
#                    3s1968\Lab2 - Part A\ewarm\Obj\rit128x96x4.o"            #
#                    "C:\Program Files\IAR Systems\Embedded Workbench         #
#                    6.5\arm\examples\TexasInstruments\Stellaris\boards\ek-lm #
#                    3s1968\Lab2 - Part A\ewarm\Obj\startup.o" "C:\Program    #
#                    Files\IAR Systems\Embedded Workbench                     #
#                    6.5\arm\examples\TexasInstruments\Stellaris\driverlib\ew #
#                    arm-cm3\Exe\driverlib-cm3.a" --redirect                  #
#                    _Printf=_PrintfTiny --redirect _Scanf=_ScanfSmall -o     #
#                    "C:\Program Files\IAR Systems\Embedded Workbench         #
#                    6.5\arm\examples\TexasInstruments\Stellaris\boards\ek-lm #
#                    3s1968\Lab2 - Part A\ewarm\Exe\lab2.out" --map           #
#                    "C:\Program Files\IAR Systems\Embedded Workbench         #
#                    6.5\arm\examples\TexasInstruments\Stellaris\boards\ek-lm #
#                    3s1968\Lab2 - Part A\ewarm\List\lab2.map" --config       #
#                    "C:\Program Files\IAR Systems\Embedded Workbench         #
#                    6.5\arm\examples\TexasInstruments\Stellaris\boards\ek-lm #
#                    3s1968\Lab2 - Part A\lab2.icf" --semihosting --entry     #
#                    __iar_program_start --vfe                                #
#                                                                             #
#                                                                             #
###############################################################################

*******************************************************************************
*** RUNTIME MODEL ATTRIBUTES
***

CppFlavor       = *
__SystemLibrary = DLib


*******************************************************************************
*** PLACEMENT SUMMARY
***

"A1":  place at start of [0x00000000-0x0003ffff] { ro section .intvec };
"P1":  place in [from 0x00000000 to 0x0003ffff] { ro };
"A2":  place at start of [0x20000000-0x2000ffff] { section VTABLE };
"P2":  place in [from 0x20000000 to 0x2000ffff] { rw, block HEAP };

  Section            Kind        Address   Size  Object
  -------            ----        -------   ----  ------
"A1":                                      0xf0
  .intvec            const    0x00000000   0xf0  startup.o [1]
                            - 0x000000f0   0xf0

"P1":                                     0x7a8
  .text              ro code  0x000000f0  0x2cc  gpio.o [4]
  .text              ro code  0x000003bc   0xa4  interrupt.o [4]
  .text              ro code  0x00000460  0x1a0  sysctl.o [4]
  .text              ro code  0x00000600  0x19a  lab2.o [1]
  .text              ro code  0x0000079a   0x2e  copy_init3.o [5]
  .text              ro code  0x000007c8   0x28  data_init.o [5]
  .text              ro code  0x000007f0   0x22  zero_init3.o [5]
  .iar.init_table    const    0x00000814   0x24  - Linker created -
  .text              ro code  0x00000838   0x16  cmain.o [5]
  .text              ro code  0x0000084e    0x4  low_level_init.o [3]
  .text              ro code  0x00000852    0x4  exit.o [3]
  .text              ro code  0x00000858    0xa  cexit.o [5]
  .text              ro code  0x00000864   0x14  exit.o [6]
  .text              ro code  0x00000878    0xc  cstartup_M.o [5]
  .text              ro code  0x00000884    0xa  startup.o [1]
  .rodata            const    0x0000088e    0x0  zero_init3.o [5]
  .rodata            const    0x0000088e    0x0  copy_init3.o [5]
  Initializer bytes  ro data  0x00000890    0x8  <for P2 s0>
                            - 0x00000898  0x7a8

"A2":                                     0x26c
  VTABLE             zero     0x20000000  0x26c  interrupt.o [4]
                            - 0x2000026c  0x26c

"P2", part 1 of 2:                          0x8
  P2 s0                       0x2000026c    0x8  <Init block>
    .data            inited   0x2000026c    0x8  lab2.o [1]
                            - 0x20000274    0x8

"P2", part 2 of 2:                        0x100
  .noinit            uninit   0x20000274  0x100  startup.o [1]
                            - 0x20000374  0x100


*******************************************************************************
*** INIT TABLE
***

          Address     Size
          -------     ----
Zero (__iar_zero_init3)
    1 destination range, total size 0x26c:
          0x20000000  0x26c

Copy (__iar_copy_init3)
    1 source range, total size 0x8:
          0x00000890    0x8
    1 destination range, total size 0x8:
          0x2000026c    0x8



*******************************************************************************
*** MODULE SUMMARY
***

    Module            ro code  ro data  rw data
    ------            -------  -------  -------
C:\Program Files\IAR Systems\Embedded Workbench 6.5\arm\examples\TexasInstruments\Stellaris\boards\ek-lm3s1968\Lab2 - Part A\ewarm\Obj: [1]
    lab2.o                410        8        8
    startup.o              10      240      256
    -------------------------------------------
    Total:                420      248      264

command line: [2]
    -------------------------------------------
    Total:

dl7M_tln.a: [3]
    exit.o                  4
    low_level_init.o        4
    -------------------------------------------
    Total:                  8

driverlib-cm3.a: [4]
    gpio.o                716
    interrupt.o           164               620
    sysctl.o              416
    -------------------------------------------
    Total:              1 296               620

rt7M_tl.a: [5]
    cexit.o                10
    cmain.o                22
    copy_init3.o           46
    cstartup_M.o           12
    data_init.o            40
    zero_init3.o           34
    -------------------------------------------
    Total:                164

shb_l.a: [6]
    exit.o                 20
    -------------------------------------------
    Total:                 20

    Gaps                    4        2
    Linker created                  38
-----------------------------------------------
    Grand Total:        1 912      288      884


*******************************************************************************
*** ENTRY LIST
***

Entry                      Address   Size  Type      Object
-----                      -------   ----  ----      ------
?main                   0x00000839         Code  Gb  cmain.o [5]
FaultISR                0x0000088b    0x2  Code  Lc  startup.o [1]
GPIODirModeSet          0x000001f3   0x28  Code  Gb  gpio.o [4]
GPIOGetIntNumber        0x000000f1  0x102  Code  Lc  gpio.o [4]
GPIOIntTypeSet          0x0000021b   0x38  Code  Gb  gpio.o [4]
GPIOPadConfigSet        0x00000253   0x98  Code  Gb  gpio.o [4]
GPIOPinIntClear         0x000002f1    0x6  Code  Gb  gpio.o [4]
GPIOPinIntEnable        0x000002eb    0x6  Code  Gb  gpio.o [4]
GPIOPinRead             0x00000311    0x6  Code  Gb  gpio.o [4]
GPIOPinTypeGPIOInput    0x00000321   0x1a  Code  Gb  gpio.o [4]
GPIOPinTypeGPIOOutput   0x0000033b    0xa  Code  Gb  gpio.o [4]
GPIOPinWrite            0x00000317    0x6  Code  Gb  gpio.o [4]
GPIOPortIntRegister     0x000002f7   0x1a  Code  Gb  gpio.o [4]
IntDefaultHandler       0x0000088d    0x2  Code  Lc  startup.o [1]
IntEnable               0x000003e3   0x58  Code  Gb  interrupt.o [4]
IntRegister             0x000003bd   0x26  Code  Gb  interrupt.o [4]
NmiSR                   0x00000889    0x2  Code  Lc  startup.o [1]
Region$$Table$$Base     0x00000814          --   Gb  - Linker created -
Region$$Table$$Limit    0x00000838          --   Gb  - Linker created -
ResetISR                0x00000885    0x4  Code  Gb  startup.o [1]
SysCtlClockSet          0x000004b9  0x116  Code  Gb  sysctl.o [4]
SysCtlDelay             0x000004b1    0x8  Code  Gb  sysctl.o [4]
SysCtlLDOSet            0x000004a9    0x8  Code  Gb  sysctl.o [4]
SysCtlPeripheralEnable  0x00000461   0x1c  Code  Gb  sysctl.o [4]
__cmain                 0x00000839         Code  Gb  cmain.o [5]
__exit                  0x00000865   0x14  Code  Gb  exit.o [6]
__iar_copy_init3        0x0000079b   0x2e  Code  Gb  copy_init3.o [5]
__iar_data_init3        0x000007c9   0x28  Code  Gb  data_init.o [5]
__iar_program_start     0x00000879         Code  Gb  cstartup_M.o [5]
__iar_zero_init3        0x000007f1   0x22  Code  Gb  zero_init3.o [5]
__low_level_init        0x0000084f    0x4  Code  Gb  low_level_init.o [3]
__vector_table          0x00000000   0xf0  Data  Gb  startup.o [1]
_call_main              0x00000845         Code  Gb  cmain.o [5]
_exit                   0x00000859         Code  Gb  cexit.o [5]
_main                   0x0000084b         Code  Gb  cmain.o [5]
count                   0x2000026c    0x4  Data  Gb  lab2.o [1]
currentCount            0x20000270    0x4  Data  Gb  lab2.o [1]
exit                    0x00000853    0x4  Code  Gb  exit.o [3]
g_pfnRAMVectors         0x20000000  0x26c  Data  Lc  interrupt.o [4]
g_pulEnRegs             0x0000044c   0x14  Data  Lc  interrupt.o [4]
g_pulRCGCRegs           0x000005f4    0xc  Data  Lc  sysctl.o [4]
intPortG                0x00000601   0x34  Code  Gb  lab2.o [1]
main                    0x000006b9   0xb2  Code  Gb  lab2.o [1]
moveLine                0x0000065d   0x2c  Code  Gb  lab2.o [1]
printCharLCD            0x00000693   0x1a  Code  Gb  lab2.o [1]
pulStack                0x20000274  0x100  Data  Lc  startup.o [1]
toggleEnable            0x00000635   0x28  Code  Gb  lab2.o [1]


[1] = C:\Program Files\IAR Systems\Embedded Workbench 6.5\arm\examples\TexasInstruments\Stellaris\boards\ek-lm3s1968\Lab2 - Part A\ewarm\Obj
[2] = command line
[3] = dl7M_tln.a
[4] = driverlib-cm3.a
[5] = rt7M_tl.a
[6] = shb_l.a

  1 912 bytes of readonly  code memory
    288 bytes of readonly  data memory
    884 bytes of readwrite data memory

Errors: none
Warnings: none
