###############################################################################
#                                                                             #
# IAR ELF Linker V6.50.2.4510/W32 for ARM               14/Mar/2013  13:52:58 #
# Copyright 2007-2012 IAR Systems AB.                                         #
#                                                                             #
#    Output file  =  C:\Program Files\IAR Systems\Embedded Workbench          #
#                    6.5\arm\examples\TexasInstruments\Stellaris\boards\ek-lm #
#                    3s1968\Lab4 - Exercise4\ewarm\Exe\lab3.out               #
#    Map file     =  C:\Program Files\IAR Systems\Embedded Workbench          #
#                    6.5\arm\examples\TexasInstruments\Stellaris\boards\ek-lm #
#                    3s1968\Lab4 - Exercise4\ewarm\List\lab3.map              #
#    Command line =  "C:\Program Files\IAR Systems\Embedded Workbench         #
#                    6.5\arm\examples\TexasInstruments\Stellaris\boards\ek-lm #
#                    3s1968\Lab4 - Exercise4\ewarm\Obj\lab3.o" "C:\Program    #
#                    Files\IAR Systems\Embedded Workbench                     #
#                    6.5\arm\examples\TexasInstruments\Stellaris\boards\ek-lm #
#                    3s1968\Lab4 - Exercise4\ewarm\Obj\startup.o"             #
#                    "C:\Program Files\IAR Systems\Embedded Workbench         #
#                    6.5\arm\examples\TexasInstruments\Stellaris\driverlib\ew #
#                    arm-cm3\Exe\driverlib-cm3.a" --redirect                  #
#                    _Printf=_PrintfTiny --redirect _Scanf=_ScanfSmall -o     #
#                    "C:\Program Files\IAR Systems\Embedded Workbench         #
#                    6.5\arm\examples\TexasInstruments\Stellaris\boards\ek-lm #
#                    3s1968\Lab4 - Exercise4\ewarm\Exe\lab3.out" --map        #
#                    "C:\Program Files\IAR Systems\Embedded Workbench         #
#                    6.5\arm\examples\TexasInstruments\Stellaris\boards\ek-lm #
#                    3s1968\Lab4 - Exercise4\ewarm\List\lab3.map" --config    #
#                    "C:\Program Files\IAR Systems\Embedded Workbench         #
#                    6.5\arm\examples\TexasInstruments\Stellaris\boards\ek-lm #
#                    3s1968\Lab4 - Exercise4\lab3.icf" --semihosting --entry  #
#                    __iar_program_start --vfe                                #
#                                                                             #
#                                                                             #
###############################################################################

*******************************************************************************
*** RUNTIME MODEL ATTRIBUTES
***

CppFlavor       = *
__SystemLibrary = DLib


*******************************************************************************
*** PLACEMENT SUMMARY
***

"A1":  place at start of [0x00000000-0x0003ffff] { ro section .intvec };
"P1":  place in [from 0x00000000 to 0x0003ffff] { ro };
"A2":  place at start of [0x20000000-0x2000ffff] { section VTABLE };
"P2":  place in [from 0x20000000 to 0x2000ffff] { rw, block HEAP };

  Section            Kind        Address   Size  Object
  -------            ----        -------   ----  ------
"A1":                                      0xf0
  .intvec            const    0x00000000   0xf0  startup.o [1]
                            - 0x000000f0   0xf0

"P1":                                     0x8a4
  .text              ro code  0x000000f0  0x2ea  lab3.o [1]
  .text              ro code  0x000003da   0x2e  copy_init3.o [5]
  .text              ro code  0x00000408  0x110  timer.o [4]
  .text              ro code  0x00000518  0x106  gpio.o [4]
  .text              ro code  0x0000061e   0x22  zero_init3.o [5]
  .text              ro code  0x00000640  0x1a0  sysctl.o [4]
  .text              ro code  0x000007e0    0x8  abs.o [3]
  .text              ro code  0x000007e8   0xa4  interrupt.o [4]
  .text              ro code  0x0000088c   0x28  data_init.o [5]
  .iar.init_table    const    0x000008b4   0x24  - Linker created -
  .text              ro code  0x000008d8   0x16  cmain.o [5]
  .text              ro code  0x000008ee    0x4  low_level_init.o [3]
  .text              ro code  0x000008f2    0x4  exit.o [3]
  .text              ro code  0x000008f8    0xa  cexit.o [5]
  .text              ro code  0x00000904   0x14  exit.o [6]
  .text              ro code  0x00000918    0xc  cstartup_M.o [5]
  .text              ro code  0x00000924    0xa  startup.o [1]
  .rodata            const    0x0000092e    0x0  zero_init3.o [5]
  .rodata            const    0x0000092e    0x0  copy_init3.o [5]
  Initializer bytes  ro data  0x00000930   0x64  <for P2 s0>
                            - 0x00000994  0x8a4

"A2":                                     0x26c
  VTABLE             zero     0x20000000  0x26c  interrupt.o [4]
                            - 0x2000026c  0x26c

"P2", part 1 of 2:                         0x64
  P2 s0                       0x2000026c   0x64  <Init block>
    .data            inited   0x2000026c   0x64  lab3.o [1]
                            - 0x200002d0   0x64

"P2", part 2 of 2:                        0x100
  .noinit            uninit   0x200002d0  0x100  startup.o [1]
                            - 0x200003d0  0x100


*******************************************************************************
*** INIT TABLE
***

          Address     Size
          -------     ----
Zero (__iar_zero_init3)
    1 destination range, total size 0x26c:
          0x20000000  0x26c

Copy (__iar_copy_init3)
    1 source range, total size 0x64:
          0x00000930   0x64
    1 destination range, total size 0x64:
          0x2000026c   0x64



*******************************************************************************
*** MODULE SUMMARY
***

    Module            ro code  ro data  rw data
    ------            -------  -------  -------
C:\Program Files\IAR Systems\Embedded Workbench 6.5\arm\examples\TexasInstruments\Stellaris\boards\ek-lm3s1968\Lab4 - Exercise4\ewarm\Obj: [1]
    lab3.o                746      100      100
    startup.o              10      240      256
    -------------------------------------------
    Total:                756      340      356

command line: [2]
    -------------------------------------------
    Total:

dl7M_tln.a: [3]
    abs.o                   8
    exit.o                  4
    low_level_init.o        4
    -------------------------------------------
    Total:                 16

driverlib-cm3.a: [4]
    gpio.o                262
    interrupt.o           164               620
    sysctl.o              416
    timer.o               272
    -------------------------------------------
    Total:              1 114               620

rt7M_tl.a: [5]
    cexit.o                10
    cmain.o                22
    copy_init3.o           46
    cstartup_M.o           12
    data_init.o            40
    zero_init3.o           34
    -------------------------------------------
    Total:                164

shb_l.a: [6]
    exit.o                 20
    -------------------------------------------
    Total:                 20

    Gaps                    4
    Linker created                  38
-----------------------------------------------
    Grand Total:        2 074      378      976


*******************************************************************************
*** ENTRY LIST
***

Entry                      Address   Size  Type      Object
-----                      -------   ----  ----      ------
?main                   0x000008d9         Code  Gb  cmain.o [5]
FaultISR                0x0000092b    0x2  Code  Lc  startup.o [1]
GPIODirModeSet          0x00000519   0x28  Code  Gb  gpio.o [4]
GPIOPadConfigSet        0x00000541   0x98  Code  Gb  gpio.o [4]
GPIOPinRead             0x000005d9    0x6  Code  Gb  gpio.o [4]
GPIOPinTypeGPIOInput    0x000005e9   0x1a  Code  Gb  gpio.o [4]
GPIOPinTypeGPIOOutput   0x00000603    0xa  Code  Gb  gpio.o [4]
GPIOPinWrite            0x000005df    0x6  Code  Gb  gpio.o [4]
IntDefaultHandler       0x0000092d    0x2  Code  Lc  startup.o [1]
IntEnable               0x0000080f   0x58  Code  Gb  interrupt.o [4]
IntRegister             0x000007e9   0x26  Code  Gb  interrupt.o [4]
NmiSR                   0x00000929    0x2  Code  Lc  startup.o [1]
Region$$Table$$Base     0x000008b4          --   Gb  - Linker created -
Region$$Table$$Limit    0x000008d8          --   Gb  - Linker created -
ResetISR                0x00000925    0x4  Code  Gb  startup.o [1]
SysCtlClockSet          0x00000699  0x116  Code  Gb  sysctl.o [4]
SysCtlDelay             0x00000691    0x8  Code  Gb  sysctl.o [4]
SysCtlLDOSet            0x00000689    0x8  Code  Gb  sysctl.o [4]
SysCtlPeripheralEnable  0x00000641   0x1c  Code  Gb  sysctl.o [4]
TimerConfigure          0x00000437   0x26  Code  Gb  timer.o [4]
TimerEnable             0x0000042b    0xc  Code  Gb  timer.o [4]
TimerIntClear           0x000004b5    0x4  Code  Gb  timer.o [4]
TimerIntEnable          0x000004ab    0x4  Code  Gb  timer.o [4]
TimerIntNumberGet       0x00000409   0x22  Code  Lc  timer.o [4]
TimerIntRegister        0x00000471   0x3a  Code  Gb  timer.o [4]
TimerLoadSet            0x00000461   0x10  Code  Gb  timer.o [4]
__cmain                 0x000008d9         Code  Gb  cmain.o [5]
__exit                  0x00000905   0x14  Code  Gb  exit.o [6]
__iar_copy_init3        0x000003db   0x2e  Code  Gb  copy_init3.o [5]
__iar_data_init3        0x0000088d   0x28  Code  Gb  data_init.o [5]
__iar_program_start     0x00000919         Code  Gb  cstartup_M.o [5]
__iar_zero_init3        0x0000061f   0x22  Code  Gb  zero_init3.o [5]
__low_level_init        0x000008ef    0x4  Code  Gb  low_level_init.o [3]
__vector_table          0x00000000   0xf0  Data  Gb  startup.o [1]
_call_main              0x000008e5         Code  Gb  cmain.o [5]
_exit                   0x000008f9         Code  Gb  cexit.o [5]
_main                   0x000008eb         Code  Gb  cmain.o [5]
abs                     0x000007e1    0x8  Code  Gb  abs.o [3]
clear                   0x200002c0    0x4  Data  Gb  lab3.o [1]
display                 0x200002b4    0x8  Data  Gb  lab3.o [1]
displayValue            0x200002ac    0x8  Data  Gb  lab3.o [1]
exit                    0x000008f3    0x4  Code  Gb  exit.o [3]
expression              0x200002cc    0x4  Data  Gb  lab3.o [1]
g_pfnRAMVectors         0x20000000  0x26c  Data  Lc  interrupt.o [4]
g_ppulTimerIntMap       0x000004b8   0x60  Data  Lc  timer.o [4]
g_pulEnRegs             0x00000878   0x14  Data  Lc  interrupt.o [4]
g_pulRCGCRegs           0x000007d4    0xc  Data  Lc  sysctl.o [4]
lastPress               0x200002c8    0x4  Data  Gb  lab3.o [1]
main                    0x00000147  0x238  Code  Gb  lab3.o [1]
position                0x200002c4    0x4  Data  Gb  lab3.o [1]
pulStack                0x200002d0  0x100  Data  Lc  startup.o [1]
result                  0x200002bc    0x4  Data  Gb  lab3.o [1]
rollValue               0x000000f1    0xc  Code  Gb  lab3.o [1]
timer1Int               0x000000fd   0x3c  Code  Gb  lab3.o [1]
valueArray              0x2000026c   0x40  Data  Gb  lab3.o [1]


[1] = C:\Program Files\IAR Systems\Embedded Workbench 6.5\arm\examples\TexasInstruments\Stellaris\boards\ek-lm3s1968\Lab4 - Exercise4\ewarm\Obj
[2] = command line
[3] = dl7M_tln.a
[4] = driverlib-cm3.a
[5] = rt7M_tl.a
[6] = shb_l.a

  2 074 bytes of readonly  code memory
    378 bytes of readonly  data memory
    976 bytes of readwrite data memory

Errors: none
Warnings: none
