###############################################################################
#                                                                             #
# IAR ELF Linker V6.50.2.4510/W32 for ARM               06/Mar/2013  22:15:13 #
# Copyright 2007-2012 IAR Systems AB.                                         #
#                                                                             #
#    Output file  =  C:\Program Files\IAR Systems\Embedded Workbench          #
#                    6.5\arm\examples\TexasInstruments\Stellaris\boards\ek-lm #
#                    3s1968\Lab3 - Part 1 - Exercise\ewarm\Exe\lab2.out       #
#    Map file     =  C:\Program Files\IAR Systems\Embedded Workbench          #
#                    6.5\arm\examples\TexasInstruments\Stellaris\boards\ek-lm #
#                    3s1968\Lab3 - Part 1 - Exercise\ewarm\List\lab2.map      #
#    Command line =  "C:\Program Files\IAR Systems\Embedded Workbench         #
#                    6.5\arm\examples\TexasInstruments\Stellaris\boards\ek-lm #
#                    3s1968\Lab3 - Part 1 - Exercise\ewarm\Obj\lab2.o"        #
#                    "C:\Program Files\IAR Systems\Embedded Workbench         #
#                    6.5\arm\examples\TexasInstruments\Stellaris\boards\ek-lm #
#                    3s1968\Lab3 - Part 1 - Exercise\ewarm\Obj\startup.o"     #
#                    "C:\Program Files\IAR Systems\Embedded Workbench         #
#                    6.5\arm\examples\TexasInstruments\Stellaris\driverlib\ew #
#                    arm-cm3\Exe\driverlib-cm3.a" --redirect                  #
#                    _Printf=_PrintfTiny --redirect _Scanf=_ScanfSmall -o     #
#                    "C:\Program Files\IAR Systems\Embedded Workbench         #
#                    6.5\arm\examples\TexasInstruments\Stellaris\boards\ek-lm #
#                    3s1968\Lab3 - Part 1 - Exercise\ewarm\Exe\lab2.out"      #
#                    --map "C:\Program Files\IAR Systems\Embedded Workbench   #
#                    6.5\arm\examples\TexasInstruments\Stellaris\boards\ek-lm #
#                    3s1968\Lab3 - Part 1 - Exercise\ewarm\List\lab2.map"     #
#                    --config "C:\Program Files\IAR Systems\Embedded          #
#                    Workbench 6.5\arm\examples\TexasInstruments\Stellaris\bo #
#                    ards\ek-lm3s1968\Lab3 - Part 1 - Exercise\lab2.icf"      #
#                    --semihosting --entry __iar_program_start --vfe          #
#                                                                             #
#                                                                             #
###############################################################################

*******************************************************************************
*** RUNTIME MODEL ATTRIBUTES
***

CppFlavor       = *
__SystemLibrary = DLib


*******************************************************************************
*** PLACEMENT SUMMARY
***

"A1":  place at start of [0x00000000-0x0003ffff] { ro section .intvec };
"P1":  place in [from 0x00000000 to 0x0003ffff] { ro };
"P2":  place in [from 0x20000000 to 0x2000ffff] { rw, block HEAP };

  Section  Kind        Address   Size  Object
  -------  ----        -------   ----  ------
"A1":                            0xf0
  .intvec  const    0x00000000   0xf0  startup.o [1]
                  - 0x000000f0   0xf0

"P1":                           0x3d8
  .text    ro code  0x000000f0  0x1a0  sysctl.o [4]
  .text    ro code  0x00000290   0xe8  gpio.o [4]
  .text    ro code  0x00000378   0x98  lab2.o [1]
  .text    ro code  0x00000410   0x60  timer.o [4]
  .text    ro code  0x00000470   0x16  cmain.o [5]
  .text    ro code  0x00000486    0x4  low_level_init.o [3]
  .text    ro code  0x0000048a    0x4  exit.o [3]
  .text    ro code  0x00000490    0xa  cexit.o [5]
  .text    ro code  0x0000049c   0x14  exit.o [6]
  .text    ro code  0x000004b0    0xc  cstartup_M.o [5]
  .text    ro code  0x000004bc    0xa  startup.o [1]
                  - 0x000004c6  0x3d6

"P2":                           0x100
  .noinit  uninit   0x20000000  0x100  startup.o [1]
                  - 0x20000100  0x100



*******************************************************************************
*** MODULE SUMMARY
***

    Module            ro code  ro data  rw data
    ------            -------  -------  -------
C:\Program Files\IAR Systems\Embedded Workbench 6.5\arm\examples\TexasInstruments\Stellaris\boards\ek-lm3s1968\Lab3 - Part 1 - Exercise\ewarm\Obj: [1]
    lab2.o                152
    startup.o              10      240      256
    -------------------------------------------
    Total:                162      240      256

command line: [2]
    -------------------------------------------
    Total:

dl7M_tln.a: [3]
    exit.o                  4
    low_level_init.o        4
    -------------------------------------------
    Total:                  8

driverlib-cm3.a: [4]
    gpio.o                232
    sysctl.o              416
    timer.o                96
    -------------------------------------------
    Total:                744

rt7M_tl.a: [5]
    cexit.o                10
    cmain.o                22
    cstartup_M.o           12
    -------------------------------------------
    Total:                 44

shb_l.a: [6]
    exit.o                 20
    -------------------------------------------
    Total:                 20

    Gaps                    4
-----------------------------------------------
    Grand Total:          982      240      256


*******************************************************************************
*** ENTRY LIST
***

Entry                      Address   Size  Type      Object
-----                      -------   ----  ----      ------
?main                   0x00000471         Code  Gb  cmain.o [5]
FaultISR                0x000004c3    0x2  Code  Lc  startup.o [1]
GPIODirModeSet          0x00000291   0x28  Code  Gb  gpio.o [4]
GPIOPadConfigSet        0x000002b9   0x98  Code  Gb  gpio.o [4]
GPIOPinRead             0x00000351    0x6  Code  Gb  gpio.o [4]
GPIOPinTypeGPIOOutput   0x0000035d    0xa  Code  Gb  gpio.o [4]
GPIOPinWrite            0x00000357    0x6  Code  Gb  gpio.o [4]
IntDefaultHandler       0x000004c5    0x2  Code  Lc  startup.o [1]
NmiSR                   0x000004c1    0x2  Code  Lc  startup.o [1]
Region$$Table$$Base     0x00000000          --   Gb  - Linker created -
Region$$Table$$Limit    0x00000000          --   Gb  - Linker created -
ResetISR                0x000004bd    0x4  Code  Gb  startup.o [1]
SysCtlClockSet          0x00000149  0x116  Code  Gb  sysctl.o [4]
SysCtlDelay             0x00000141    0x8  Code  Gb  sysctl.o [4]
SysCtlLDOSet            0x00000139    0x8  Code  Gb  sysctl.o [4]
SysCtlPeripheralEnable  0x000000f1   0x1c  Code  Gb  sysctl.o [4]
TimerConfigure          0x0000041d   0x26  Code  Gb  timer.o [4]
TimerEnable             0x00000411    0xc  Code  Gb  timer.o [4]
TimerIntClear           0x0000046d    0x4  Code  Gb  timer.o [4]
TimerIntEnable          0x00000459    0x4  Code  Gb  timer.o [4]
TimerIntStatus          0x00000463    0xa  Code  Gb  timer.o [4]
TimerLoadSet            0x00000449   0x10  Code  Gb  timer.o [4]
__cmain                 0x00000471         Code  Gb  cmain.o [5]
__exit                  0x0000049d   0x14  Code  Gb  exit.o [6]
__iar_program_start     0x000004b1         Code  Gb  cstartup_M.o [5]
__low_level_init        0x00000487    0x4  Code  Gb  low_level_init.o [3]
__vector_table          0x00000000   0xf0  Data  Gb  startup.o [1]
_call_main              0x0000047d         Code  Gb  cmain.o [5]
_exit                   0x00000491         Code  Gb  cexit.o [5]
_main                   0x00000483         Code  Gb  cmain.o [5]
exit                    0x0000048b    0x4  Code  Gb  exit.o [3]
g_pulRCGCRegs           0x00000284    0xc  Data  Lc  sysctl.o [4]
main                    0x00000379   0x98  Code  Gb  lab2.o [1]
pulStack                0x20000000  0x100  Data  Lc  startup.o [1]


[1] = C:\Program Files\IAR Systems\Embedded Workbench 6.5\arm\examples\TexasInstruments\Stellaris\boards\ek-lm3s1968\Lab3 - Part 1 - Exercise\ewarm\Obj
[2] = command line
[3] = dl7M_tln.a
[4] = driverlib-cm3.a
[5] = rt7M_tl.a
[6] = shb_l.a

  982 bytes of readonly  code memory
  240 bytes of readonly  data memory
  256 bytes of readwrite data memory

Errors: none
Warnings: none
