###############################################################################
#                                                                             #
# IAR ELF Linker V6.50.2.4510/W32 for ARM               14/Mar/2013  13:57:16 #
# Copyright 2007-2012 IAR Systems AB.                                         #
#                                                                             #
#    Output file  =  C:\Program Files\IAR Systems\Embedded Workbench          #
#                    6.5\arm\examples\TexasInstruments\Stellaris\boards\ek-lm #
#                    3s1968\Lab4 - Exercise3\ewarm\Exe\lab3.out               #
#    Map file     =  C:\Program Files\IAR Systems\Embedded Workbench          #
#                    6.5\arm\examples\TexasInstruments\Stellaris\boards\ek-lm #
#                    3s1968\Lab4 - Exercise3\ewarm\List\lab3.map              #
#    Command line =  "C:\Program Files\IAR Systems\Embedded Workbench         #
#                    6.5\arm\examples\TexasInstruments\Stellaris\boards\ek-lm #
#                    3s1968\Lab4 - Exercise3\ewarm\Obj\lab3.o" "C:\Program    #
#                    Files\IAR Systems\Embedded Workbench                     #
#                    6.5\arm\examples\TexasInstruments\Stellaris\boards\ek-lm #
#                    3s1968\Lab4 - Exercise3\ewarm\Obj\startup.o"             #
#                    "C:\Program Files\IAR Systems\Embedded Workbench         #
#                    6.5\arm\examples\TexasInstruments\Stellaris\driverlib\ew #
#                    arm-cm3\Exe\driverlib-cm3.a" --redirect                  #
#                    _Printf=_PrintfTiny --redirect _Scanf=_ScanfSmall -o     #
#                    "C:\Program Files\IAR Systems\Embedded Workbench         #
#                    6.5\arm\examples\TexasInstruments\Stellaris\boards\ek-lm #
#                    3s1968\Lab4 - Exercise3\ewarm\Exe\lab3.out" --map        #
#                    "C:\Program Files\IAR Systems\Embedded Workbench         #
#                    6.5\arm\examples\TexasInstruments\Stellaris\boards\ek-lm #
#                    3s1968\Lab4 - Exercise3\ewarm\List\lab3.map" --config    #
#                    "C:\Program Files\IAR Systems\Embedded Workbench         #
#                    6.5\arm\examples\TexasInstruments\Stellaris\boards\ek-lm #
#                    3s1968\Lab4 - Exercise3\lab3.icf" --semihosting --entry  #
#                    __iar_program_start --vfe                                #
#                                                                             #
#                                                                             #
###############################################################################

*******************************************************************************
*** RUNTIME MODEL ATTRIBUTES
***

CppFlavor       = *
__SystemLibrary = DLib


*******************************************************************************
*** PLACEMENT SUMMARY
***

"A1":  place at start of [0x00000000-0x0003ffff] { ro section .intvec };
"P1":  place in [from 0x00000000 to 0x0003ffff] { ro };
"A2":  place at start of [0x20000000-0x2000ffff] { section VTABLE };
"P2":  place in [from 0x20000000 to 0x2000ffff] { rw, block HEAP };

  Section            Kind        Address   Size  Object
  -------            ----        -------   ----  ------
"A1":                                      0xf0
  .intvec            const    0x00000000   0xf0  startup.o [1]
                            - 0x000000f0   0xf0

"P1":                                     0x6e0
  .text              ro code  0x000000f0  0x1a0  sysctl.o [4]
  .text              ro code  0x00000290  0x160  lab3.o [1]
  .text              ro code  0x000003f0  0x110  timer.o [4]
  .text              ro code  0x00000500   0xe2  gpio.o [4]
  .text              ro code  0x000005e2   0x2e  copy_init3.o [5]
  .text              ro code  0x00000610   0xa4  interrupt.o [4]
  .text              ro code  0x000006b4   0x28  data_init.o [5]
  .text              ro code  0x000006dc   0x22  zero_init3.o [5]
  .iar.init_table    const    0x00000700   0x24  - Linker created -
  .text              ro code  0x00000724   0x16  cmain.o [5]
  .text              ro code  0x0000073a    0x4  low_level_init.o [3]
  .text              ro code  0x0000073e    0x4  exit.o [3]
  .text              ro code  0x00000744    0xa  cexit.o [5]
  .text              ro code  0x00000750   0x14  exit.o [6]
  .text              ro code  0x00000764    0xc  cstartup_M.o [5]
  .text              ro code  0x00000770    0xa  startup.o [1]
  .rodata            const    0x0000077a    0x0  zero_init3.o [5]
  .rodata            const    0x0000077a    0x0  copy_init3.o [5]
  Initializer bytes  ro data  0x0000077c   0x54  <for P2 s0>
                            - 0x000007d0  0x6e0

"A2":                                     0x26c
  VTABLE             zero     0x20000000  0x26c  interrupt.o [4]
                            - 0x2000026c  0x26c

"P2", part 1 of 2:                         0x54
  P2 s0                       0x2000026c   0x54  <Init block>
    .data            inited   0x2000026c   0x54  lab3.o [1]
                            - 0x200002c0   0x54

"P2", part 2 of 2:                        0x100
  .noinit            uninit   0x200002c0  0x100  startup.o [1]
                            - 0x200003c0  0x100


*******************************************************************************
*** INIT TABLE
***

          Address     Size
          -------     ----
Zero (__iar_zero_init3)
    1 destination range, total size 0x26c:
          0x20000000  0x26c

Copy (__iar_copy_init3)
    1 source range, total size 0x54:
          0x0000077c   0x54
    1 destination range, total size 0x54:
          0x2000026c   0x54



*******************************************************************************
*** MODULE SUMMARY
***

    Module            ro code  ro data  rw data
    ------            -------  -------  -------
C:\Program Files\IAR Systems\Embedded Workbench 6.5\arm\examples\TexasInstruments\Stellaris\boards\ek-lm3s1968\Lab4 - Exercise3\ewarm\Obj: [1]
    lab3.o                352       84       84
    startup.o              10      240      256
    -------------------------------------------
    Total:                362      324      340

command line: [2]
    -------------------------------------------
    Total:

dl7M_tln.a: [3]
    exit.o                  4
    low_level_init.o        4
    -------------------------------------------
    Total:                  8

driverlib-cm3.a: [4]
    gpio.o                226
    interrupt.o           164               620
    sysctl.o              416
    timer.o               272
    -------------------------------------------
    Total:              1 078               620

rt7M_tl.a: [5]
    cexit.o                10
    cmain.o                22
    copy_init3.o           46
    cstartup_M.o           12
    data_init.o            40
    zero_init3.o           34
    -------------------------------------------
    Total:                164

shb_l.a: [6]
    exit.o                 20
    -------------------------------------------
    Total:                 20

    Gaps                    4        2
    Linker created                  38
-----------------------------------------------
    Grand Total:        1 636      364      960


*******************************************************************************
*** ENTRY LIST
***

Entry                      Address   Size  Type      Object
-----                      -------   ----  ----      ------
?main                   0x00000725         Code  Gb  cmain.o [5]
FaultISR                0x00000777    0x2  Code  Lc  startup.o [1]
GPIODirModeSet          0x00000501   0x28  Code  Gb  gpio.o [4]
GPIOPadConfigSet        0x00000529   0x98  Code  Gb  gpio.o [4]
GPIOPinTypeGPIOOutput   0x000005c7    0xa  Code  Gb  gpio.o [4]
GPIOPinWrite            0x000005c1    0x6  Code  Gb  gpio.o [4]
IntDefaultHandler       0x00000779    0x2  Code  Lc  startup.o [1]
IntEnable               0x00000637   0x58  Code  Gb  interrupt.o [4]
IntRegister             0x00000611   0x26  Code  Gb  interrupt.o [4]
NmiSR                   0x00000775    0x2  Code  Lc  startup.o [1]
Region$$Table$$Base     0x00000700          --   Gb  - Linker created -
Region$$Table$$Limit    0x00000724          --   Gb  - Linker created -
ResetISR                0x00000771    0x4  Code  Gb  startup.o [1]
SysCtlClockSet          0x00000149  0x116  Code  Gb  sysctl.o [4]
SysCtlDelay             0x00000141    0x8  Code  Gb  sysctl.o [4]
SysCtlLDOSet            0x00000139    0x8  Code  Gb  sysctl.o [4]
SysCtlPeripheralEnable  0x000000f1   0x1c  Code  Gb  sysctl.o [4]
TimerConfigure          0x0000041f   0x26  Code  Gb  timer.o [4]
TimerEnable             0x00000413    0xc  Code  Gb  timer.o [4]
TimerIntClear           0x0000049d    0x4  Code  Gb  timer.o [4]
TimerIntEnable          0x00000493    0x4  Code  Gb  timer.o [4]
TimerIntNumberGet       0x000003f1   0x22  Code  Lc  timer.o [4]
TimerIntRegister        0x00000459   0x3a  Code  Gb  timer.o [4]
TimerLoadSet            0x00000449   0x10  Code  Gb  timer.o [4]
__cmain                 0x00000725         Code  Gb  cmain.o [5]
__exit                  0x00000751   0x14  Code  Gb  exit.o [6]
__iar_copy_init3        0x000005e3   0x2e  Code  Gb  copy_init3.o [5]
__iar_data_init3        0x000006b5   0x28  Code  Gb  data_init.o [5]
__iar_program_start     0x00000765         Code  Gb  cstartup_M.o [5]
__iar_zero_init3        0x000006dd   0x22  Code  Gb  zero_init3.o [5]
__low_level_init        0x0000073b    0x4  Code  Gb  low_level_init.o [3]
__vector_table          0x00000000   0xf0  Data  Gb  startup.o [1]
_call_main              0x00000731         Code  Gb  cmain.o [5]
_exit                   0x00000745         Code  Gb  cexit.o [5]
_main                   0x00000737         Code  Gb  cmain.o [5]
countLeft               0x200002b4    0x4  Data  Gb  lab3.o [1]
countRight              0x200002b8    0x4  Data  Gb  lab3.o [1]
displayValue            0x2000026c    0x8  Data  Gb  lab3.o [1]
exit                    0x0000073f    0x4  Code  Gb  exit.o [3]
g_pfnRAMVectors         0x20000000  0x26c  Data  Lc  interrupt.o [4]
g_ppulTimerIntMap       0x000004a0   0x60  Data  Lc  timer.o [4]
g_pulEnRegs             0x000006a0   0x14  Data  Lc  interrupt.o [4]
g_pulRCGCRegs           0x00000284    0xc  Data  Lc  sysctl.o [4]
main                    0x00000309   0xb2  Code  Gb  lab3.o [1]
position                0x200002bc    0x4  Data  Gb  lab3.o [1]
pulStack                0x200002c0  0x100  Data  Lc  startup.o [1]
timer0Int               0x000002e1   0x28  Code  Gb  lab3.o [1]
timer1Int               0x00000291   0x3c  Code  Gb  lab3.o [1]
valueArray              0x20000274   0x40  Data  Gb  lab3.o [1]


[1] = C:\Program Files\IAR Systems\Embedded Workbench 6.5\arm\examples\TexasInstruments\Stellaris\boards\ek-lm3s1968\Lab4 - Exercise3\ewarm\Obj
[2] = command line
[3] = dl7M_tln.a
[4] = driverlib-cm3.a
[5] = rt7M_tl.a
[6] = shb_l.a

  1 636 bytes of readonly  code memory
    364 bytes of readonly  data memory
    960 bytes of readwrite data memory

Errors: none
Warnings: none
