###############################################################################
#                                                                             #
# IAR ELF Linker V6.50.2.4510/W32 for ARM               07/Mar/2013  02:20:33 #
# Copyright 2007-2012 IAR Systems AB.                                         #
#                                                                             #
#    Output file  =  C:\Program Files\IAR Systems\Embedded Workbench          #
#                    6.5\arm\examples\TexasInstruments\Stellaris\boards\ek-lm #
#                    3s1968\Lab3 - Exercise2\ewarm\Exe\lab3.out               #
#    Map file     =  C:\Program Files\IAR Systems\Embedded Workbench          #
#                    6.5\arm\examples\TexasInstruments\Stellaris\boards\ek-lm #
#                    3s1968\Lab3 - Exercise2\ewarm\List\lab3.map              #
#    Command line =  "C:\Program Files\IAR Systems\Embedded Workbench         #
#                    6.5\arm\examples\TexasInstruments\Stellaris\boards\ek-lm #
#                    3s1968\Lab3 - Exercise2\ewarm\Obj\lab3.o" "C:\Program    #
#                    Files\IAR Systems\Embedded Workbench                     #
#                    6.5\arm\examples\TexasInstruments\Stellaris\boards\ek-lm #
#                    3s1968\Lab3 - Exercise2\ewarm\Obj\startup.o"             #
#                    "C:\Program Files\IAR Systems\Embedded Workbench         #
#                    6.5\arm\examples\TexasInstruments\Stellaris\driverlib\ew #
#                    arm-cm3\Exe\driverlib-cm3.a" --redirect                  #
#                    _Printf=_PrintfTiny --redirect _Scanf=_ScanfSmall -o     #
#                    "C:\Program Files\IAR Systems\Embedded Workbench         #
#                    6.5\arm\examples\TexasInstruments\Stellaris\boards\ek-lm #
#                    3s1968\Lab3 - Exercise2\ewarm\Exe\lab3.out" --map        #
#                    "C:\Program Files\IAR Systems\Embedded Workbench         #
#                    6.5\arm\examples\TexasInstruments\Stellaris\boards\ek-lm #
#                    3s1968\Lab3 - Exercise2\ewarm\List\lab3.map" --config    #
#                    "C:\Program Files\IAR Systems\Embedded Workbench         #
#                    6.5\arm\examples\TexasInstruments\Stellaris\boards\ek-lm #
#                    3s1968\Lab3 - Exercise2\lab3.icf" --semihosting --entry  #
#                    __iar_program_start --vfe                                #
#                                                                             #
#                                                                             #
###############################################################################

*******************************************************************************
*** RUNTIME MODEL ATTRIBUTES
***

CppFlavor       = *
__SystemLibrary = DLib


*******************************************************************************
*** PLACEMENT SUMMARY
***

"A1":  place at start of [0x00000000-0x0003ffff] { ro section .intvec };
"P1":  place in [from 0x00000000 to 0x0003ffff] { ro };
"A2":  place at start of [0x20000000-0x2000ffff] { section VTABLE };
"P2":  place in [from 0x20000000 to 0x2000ffff] { rw, block HEAP };

  Section            Kind        Address   Size  Object
  -------            ----        -------   ----  ------
"A1":                                      0xf0
  .intvec            const    0x00000000   0xf0  startup.o [1]
                            - 0x000000f0   0xf0

"P1":                                     0xc88
  .text              ro code  0x000000f0  0x434  lab3.o [1]
  .text              ro code  0x00000524  0x1a0  sysctl.o [4]
  .text              ro code  0x000006c4  0x2cc  gpio.o [4]
  .text              ro code  0x00000990   0x36  strlen.o [5]
  .text              ro code  0x000009c6   0x2e  copy_init3.o [5]
  .text              ro code  0x000009f4   0x34  sprintf.o [3]
  .text              ro code  0x00000a28   0x5a  timer.o [4]
  .text              ro code  0x00000a82   0x22  zero_init3.o [5]
  .text              ro code  0x00000aa4   0xa4  interrupt.o [4]
  .text              ro code  0x00000b48  0x15e  xprintftiny.o [3]
  .text              ro code  0x00000ca6    0xa  xsprout.o [3]
  .text              ro code  0x00000cb0   0x28  data_init.o [5]
  .iar.init_table    const    0x00000cd8   0x24  - Linker created -
  .text              ro code  0x00000cfc   0x16  cmain.o [5]
  .text              ro code  0x00000d12    0x4  low_level_init.o [3]
  .text              ro code  0x00000d16    0x4  exit.o [3]
  .text              ro code  0x00000d1c    0xa  cexit.o [5]
  .text              ro code  0x00000d28   0x14  exit.o [6]
  .text              ro code  0x00000d3c    0xc  cstartup_M.o [5]
  .text              ro code  0x00000d48    0xa  startup.o [1]
  .rodata            const    0x00000d52    0x0  zero_init3.o [5]
  .rodata            const    0x00000d52    0x0  copy_init3.o [5]
  Initializer bytes  ro data  0x00000d54   0x24  <for P2 s0>
                            - 0x00000d78  0xc88

"A2":                                     0x26c
  VTABLE             zero     0x20000000  0x26c  interrupt.o [4]
                            - 0x2000026c  0x26c

"P2", part 1 of 2:                         0x24
  P2 s0                       0x2000026c   0x24  <Init block>
    .data            inited   0x2000026c   0x24  lab3.o [1]
                            - 0x20000290   0x24

"P2", part 2 of 2:                        0x100
  .noinit            uninit   0x20000290  0x100  startup.o [1]
                            - 0x20000390  0x100


*******************************************************************************
*** INIT TABLE
***

          Address     Size
          -------     ----
Zero (__iar_zero_init3)
    1 destination range, total size 0x26c:
          0x20000000  0x26c

Copy (__iar_copy_init3)
    1 source range, total size 0x24:
          0x00000d54   0x24
    1 destination range, total size 0x24:
          0x2000026c   0x24



*******************************************************************************
*** MODULE SUMMARY
***

    Module            ro code  ro data  rw data
    ------            -------  -------  -------
C:\Program Files\IAR Systems\Embedded Workbench 6.5\arm\examples\TexasInstruments\Stellaris\boards\ek-lm3s1968\Lab3 - Exercise2\ewarm\Obj: [1]
    lab3.o              1 076       36       36
    startup.o              10      240      256
    -------------------------------------------
    Total:              1 086      276      292

command line: [2]
    -------------------------------------------
    Total:

dl7M_tln.a: [3]
    exit.o                  4
    low_level_init.o        4
    sprintf.o              52
    xprintftiny.o         350
    xsprout.o              10
    -------------------------------------------
    Total:                420

driverlib-cm3.a: [4]
    gpio.o                716
    interrupt.o           164               620
    sysctl.o              416
    timer.o                90
    -------------------------------------------
    Total:              1 386               620

rt7M_tl.a: [5]
    cexit.o                10
    cmain.o                22
    copy_init3.o           46
    cstartup_M.o           12
    data_init.o            40
    strlen.o               54
    zero_init3.o           34
    -------------------------------------------
    Total:                218

shb_l.a: [6]
    exit.o                 20
    -------------------------------------------
    Total:                 20

    Gaps                    4
    Linker created                  38
-----------------------------------------------
    Grand Total:        3 134      314      912


*******************************************************************************
*** ENTRY LIST
***

Entry                      Address   Size  Type      Object
-----                      -------   ----  ----      ------
?main                   0x00000cfd         Code  Gb  cmain.o [5]
FaultISR                0x00000d4f    0x2  Code  Lc  startup.o [1]
GPIODirModeSet          0x000007c7   0x28  Code  Gb  gpio.o [4]
GPIOGetIntNumber        0x000006c5  0x102  Code  Lc  gpio.o [4]
GPIOIntTypeSet          0x000007ef   0x38  Code  Gb  gpio.o [4]
GPIOPadConfigSet        0x00000827   0x98  Code  Gb  gpio.o [4]
GPIOPinIntClear         0x000008c5    0x6  Code  Gb  gpio.o [4]
GPIOPinIntEnable        0x000008bf    0x6  Code  Gb  gpio.o [4]
GPIOPinRead             0x000008e5    0x6  Code  Gb  gpio.o [4]
GPIOPinTypeGPIOInput    0x000008f5   0x1a  Code  Gb  gpio.o [4]
GPIOPinTypeGPIOOutput   0x0000090f    0xa  Code  Gb  gpio.o [4]
GPIOPinWrite            0x000008eb    0x6  Code  Gb  gpio.o [4]
GPIOPortIntRegister     0x000008cb   0x1a  Code  Gb  gpio.o [4]
IntDefaultHandler       0x00000d51    0x2  Code  Lc  startup.o [1]
IntEnable               0x00000acb   0x58  Code  Gb  interrupt.o [4]
IntRegister             0x00000aa5   0x26  Code  Gb  interrupt.o [4]
NmiSR                   0x00000d4d    0x2  Code  Lc  startup.o [1]
Region$$Table$$Base     0x00000cd8          --   Gb  - Linker created -
Region$$Table$$Limit    0x00000cfc          --   Gb  - Linker created -
ResetISR                0x00000d49    0x4  Code  Gb  startup.o [1]
SysCtlClockSet          0x0000057d  0x116  Code  Gb  sysctl.o [4]
SysCtlDelay             0x00000575    0x8  Code  Gb  sysctl.o [4]
SysCtlLDOSet            0x0000056d    0x8  Code  Gb  sysctl.o [4]
SysCtlPeripheralEnable  0x00000525   0x1c  Code  Gb  sysctl.o [4]
TimerConfigure          0x00000a35   0x26  Code  Gb  timer.o [4]
TimerEnable             0x00000a29    0xc  Code  Gb  timer.o [4]
TimerLoadSet            0x00000a61   0x10  Code  Gb  timer.o [4]
TimerValueGet           0x00000a71    0xc  Code  Gb  timer.o [4]
_PrintfTiny             0x00000b61  0x142  Code  Gb  xprintftiny.o [3]
_SProut                 0x00000ca7    0xa  Code  Gb  xsprout.o [3]
__cmain                 0x00000cfd         Code  Gb  cmain.o [5]
__exit                  0x00000d29   0x14  Code  Gb  exit.o [6]
__iar_copy_init3        0x000009c7   0x2e  Code  Gb  copy_init3.o [5]
__iar_data_init3        0x00000cb1   0x28  Code  Gb  data_init.o [5]
__iar_program_start     0x00000d3d         Code  Gb  cstartup_M.o [5]
__iar_zero_init3        0x00000a83   0x22  Code  Gb  zero_init3.o [5]
__low_level_init        0x00000d13    0x4  Code  Gb  low_level_init.o [3]
__vector_table          0x00000000   0xf0  Data  Gb  startup.o [1]
_call_main              0x00000d09         Code  Gb  cmain.o [5]
_exit                   0x00000d1d         Code  Gb  cexit.o [5]
_main                   0x00000d0f         Code  Gb  cmain.o [5]
exit                    0x00000d17    0x4  Code  Gb  exit.o [3]
g_pfnRAMVectors         0x20000000  0x26c  Data  Lc  interrupt.o [4]
g_pulEnRegs             0x00000b34   0x14  Data  Lc  interrupt.o [4]
g_pulRCGCRegs           0x000006b8    0xc  Data  Lc  sysctl.o [4]
intPortG                0x0000020b  0x140  Code  Gb  lab3.o [1]
lose                    0x2000027c    0x4  Data  Gb  lab3.o [1]
main                    0x00000365   0xc0  Code  Gb  lab3.o [1]
moveLine                0x00000119   0x2c  Code  Gb  lab3.o [1]
out                     0x00000b49   0x18  Code  Lc  xprintftiny.o [3]
playerValue             0x20000270    0x4  Data  Gb  lab3.o [1]
printPlayerValue        0x00000197   0x10  Code  Gb  lab3.o [1]
printRandomNum          0x000001cb   0x10  Code  Gb  lab3.o [1]
printStringLCD          0x0000014f   0x3c  Code  Gb  lab3.o [1]
printTriesLeft          0x000001a7    0xe  Code  Gb  lab3.o [1]
pulStack                0x20000290  0x100  Data  Lc  startup.o [1]
randomNum               0x000001db   0x1c  Code  Gb  lab3.o [1]
randomNumber            0x2000026c    0x4  Data  Gb  lab3.o [1]
redrawScreen            0x000001f7   0x14  Code  Gb  lab3.o [1]
sprintf                 0x000009f5   0x34  Code  Gb  sprintf.o [3]
string                  0x20000280   0x10  Data  Gb  lab3.o [1]
strlen                  0x00000991         Code  Gb  strlen.o [5]
toggleEnable            0x000000f1   0x28  Code  Gb  lab3.o [1]
triesLeft               0x20000274    0x4  Data  Gb  lab3.o [1]
win                     0x20000278    0x4  Data  Gb  lab3.o [1]


[1] = C:\Program Files\IAR Systems\Embedded Workbench 6.5\arm\examples\TexasInstruments\Stellaris\boards\ek-lm3s1968\Lab3 - Exercise2\ewarm\Obj
[2] = command line
[3] = dl7M_tln.a
[4] = driverlib-cm3.a
[5] = rt7M_tl.a
[6] = shb_l.a

  3 134 bytes of readonly  code memory
    314 bytes of readonly  data memory
    912 bytes of readwrite data memory

Errors: none
Warnings: none
