###############################################################################
#                                                                             #
# IAR ELF Linker V6.50.2.4510/W32 for ARM               07/Mar/2013  00:44:35 #
# Copyright 2007-2012 IAR Systems AB.                                         #
#                                                                             #
#    Output file  =  C:\Program Files\IAR Systems\Embedded Workbench          #
#                    6.5\arm\examples\TexasInstruments\Stellaris\boards\ek-lm #
#                    3s1968\Lab3 - Part 3\ewarm\Exe\lab3.out                  #
#    Map file     =  C:\Program Files\IAR Systems\Embedded Workbench          #
#                    6.5\arm\examples\TexasInstruments\Stellaris\boards\ek-lm #
#                    3s1968\Lab3 - Part 3\ewarm\List\lab3.map                 #
#    Command line =  "C:\Program Files\IAR Systems\Embedded Workbench         #
#                    6.5\arm\examples\TexasInstruments\Stellaris\boards\ek-lm #
#                    3s1968\Lab3 - Part 3\ewarm\Obj\lab3.o" "C:\Program       #
#                    Files\IAR Systems\Embedded Workbench                     #
#                    6.5\arm\examples\TexasInstruments\Stellaris\boards\ek-lm #
#                    3s1968\Lab3 - Part 3\ewarm\Obj\startup.o" "C:\Program    #
#                    Files\IAR Systems\Embedded Workbench                     #
#                    6.5\arm\examples\TexasInstruments\Stellaris\driverlib\ew #
#                    arm-cm3\Exe\driverlib-cm3.a" --redirect                  #
#                    _Printf=_PrintfTiny --redirect _Scanf=_ScanfSmall -o     #
#                    "C:\Program Files\IAR Systems\Embedded Workbench         #
#                    6.5\arm\examples\TexasInstruments\Stellaris\boards\ek-lm #
#                    3s1968\Lab3 - Part 3\ewarm\Exe\lab3.out" --map           #
#                    "C:\Program Files\IAR Systems\Embedded Workbench         #
#                    6.5\arm\examples\TexasInstruments\Stellaris\boards\ek-lm #
#                    3s1968\Lab3 - Part 3\ewarm\List\lab3.map" --config       #
#                    "C:\Program Files\IAR Systems\Embedded Workbench         #
#                    6.5\arm\examples\TexasInstruments\Stellaris\boards\ek-lm #
#                    3s1968\Lab3 - Part 3\lab3.icf" --semihosting --entry     #
#                    __iar_program_start --vfe                                #
#                                                                             #
#                                                                             #
###############################################################################

*******************************************************************************
*** RUNTIME MODEL ATTRIBUTES
***

CppFlavor       = *
__SystemLibrary = DLib


*******************************************************************************
*** PLACEMENT SUMMARY
***

"A1":  place at start of [0x00000000-0x0003ffff] { ro section .intvec };
"P1":  place in [from 0x00000000 to 0x0003ffff] { ro };
"A2":  place at start of [0x20000000-0x2000ffff] { section VTABLE };
"P2":  place in [from 0x20000000 to 0x2000ffff] { rw, block HEAP };

  Section          Kind        Address   Size  Object
  -------          ----        -------   ----  ------
"A1":                                    0xf0
  .intvec          const    0x00000000   0xf0  startup.o [1]
                          - 0x000000f0   0xf0

"P1":                                   0xa08
  .text            ro code  0x000000f0  0x2cc  gpio.o [4]
  .text            ro code  0x000003bc   0xa4  interrupt.o [4]
  .text            ro code  0x00000460  0x20e  lab3.o [1]
  .text            ro code  0x0000066e   0x22  zero_init3.o [5]
  .text            ro code  0x00000690  0x1a0  sysctl.o [4]
  .text            ro code  0x00000830   0x36  strlen.o [5]
  .text            ro code  0x00000866    0xa  xsprout.o [3]
  .text            ro code  0x00000870   0x5a  timer.o [4]
  .text            ro code  0x000008cc   0x34  sprintf.o [3]
  .text            ro code  0x00000900  0x15e  xprintftiny.o [3]
  .text            ro code  0x00000a60   0x28  data_init.o [5]
  .iar.init_table  const    0x00000a88   0x18  - Linker created -
  .text            ro code  0x00000aa0   0x16  cmain.o [5]
  .text            ro code  0x00000ab6    0x4  low_level_init.o [3]
  .text            ro code  0x00000aba    0x4  exit.o [3]
  .text            ro code  0x00000ac0    0xa  cexit.o [5]
  .text            ro code  0x00000acc   0x14  exit.o [6]
  .text            ro code  0x00000ae0    0xc  cstartup_M.o [5]
  .text            ro code  0x00000aec    0xa  startup.o [1]
  .rodata          const    0x00000af6    0x0  zero_init3.o [5]
                          - 0x00000af6  0xa06

"A2":                                   0x26c
  VTABLE           zero     0x20000000  0x26c  interrupt.o [4]
                          - 0x2000026c  0x26c

"P2", part 1 of 2:                       0x1c
  .bss             zero     0x2000026c   0x1c  lab3.o [1]
                          - 0x20000288   0x1c

"P2", part 2 of 2:                      0x100
  .noinit          uninit   0x20000288  0x100  startup.o [1]
                          - 0x20000388  0x100


*******************************************************************************
*** INIT TABLE
***

          Address     Size
          -------     ----
Zero (__iar_zero_init3)
    2 destination ranges, total size 0x288:
          0x20000000  0x26c
          0x2000026c   0x1c



*******************************************************************************
*** MODULE SUMMARY
***

    Module            ro code  ro data  rw data
    ------            -------  -------  -------
C:\Program Files\IAR Systems\Embedded Workbench 6.5\arm\examples\TexasInstruments\Stellaris\boards\ek-lm3s1968\Lab3 - Part 3\ewarm\Obj: [1]
    lab3.o                526                28
    startup.o              10      240      256
    -------------------------------------------
    Total:                536      240      284

command line: [2]
    -------------------------------------------
    Total:

dl7M_tln.a: [3]
    exit.o                  4
    low_level_init.o        4
    sprintf.o              52
    xprintftiny.o         350
    xsprout.o              10
    -------------------------------------------
    Total:                420

driverlib-cm3.a: [4]
    gpio.o                716
    interrupt.o           164               620
    sysctl.o              416
    timer.o                90
    -------------------------------------------
    Total:              1 386               620

rt7M_tl.a: [5]
    cexit.o                10
    cmain.o                22
    cstartup_M.o           12
    data_init.o            40
    strlen.o               54
    zero_init3.o           34
    -------------------------------------------
    Total:                172

shb_l.a: [6]
    exit.o                 20
    -------------------------------------------
    Total:                 20

    Gaps                    8
    Linker created                  24
-----------------------------------------------
    Grand Total:        2 542      264      904


*******************************************************************************
*** ENTRY LIST
***

Entry                      Address   Size  Type      Object
-----                      -------   ----  ----      ------
?main                   0x00000aa1         Code  Gb  cmain.o [5]
FaultISR                0x00000af3    0x2  Code  Lc  startup.o [1]
GPIODirModeSet          0x000001f3   0x28  Code  Gb  gpio.o [4]
GPIOGetIntNumber        0x000000f1  0x102  Code  Lc  gpio.o [4]
GPIOIntTypeSet          0x0000021b   0x38  Code  Gb  gpio.o [4]
GPIOPadConfigSet        0x00000253   0x98  Code  Gb  gpio.o [4]
GPIOPinIntClear         0x000002f1    0x6  Code  Gb  gpio.o [4]
GPIOPinIntEnable        0x000002eb    0x6  Code  Gb  gpio.o [4]
GPIOPinRead             0x00000311    0x6  Code  Gb  gpio.o [4]
GPIOPinTypeGPIOInput    0x00000321   0x1a  Code  Gb  gpio.o [4]
GPIOPinTypeGPIOOutput   0x0000033b    0xa  Code  Gb  gpio.o [4]
GPIOPinWrite            0x00000317    0x6  Code  Gb  gpio.o [4]
GPIOPortIntRegister     0x000002f7   0x1a  Code  Gb  gpio.o [4]
IntDefaultHandler       0x00000af5    0x2  Code  Lc  startup.o [1]
IntEnable               0x000003e3   0x58  Code  Gb  interrupt.o [4]
IntRegister             0x000003bd   0x26  Code  Gb  interrupt.o [4]
NmiSR                   0x00000af1    0x2  Code  Lc  startup.o [1]
Region$$Table$$Base     0x00000a88          --   Gb  - Linker created -
Region$$Table$$Limit    0x00000aa0          --   Gb  - Linker created -
ResetISR                0x00000aed    0x4  Code  Gb  startup.o [1]
SysCtlClockSet          0x000006e9  0x116  Code  Gb  sysctl.o [4]
SysCtlDelay             0x000006e1    0x8  Code  Gb  sysctl.o [4]
SysCtlLDOSet            0x000006d9    0x8  Code  Gb  sysctl.o [4]
SysCtlPeripheralEnable  0x00000691   0x1c  Code  Gb  sysctl.o [4]
TimerConfigure          0x0000087d   0x26  Code  Gb  timer.o [4]
TimerEnable             0x00000871    0xc  Code  Gb  timer.o [4]
TimerLoadSet            0x000008a9   0x10  Code  Gb  timer.o [4]
TimerValueGet           0x000008b9    0xc  Code  Gb  timer.o [4]
_PrintfTiny             0x00000919  0x142  Code  Gb  xprintftiny.o [3]
_SProut                 0x00000867    0xa  Code  Gb  xsprout.o [3]
__cmain                 0x00000aa1         Code  Gb  cmain.o [5]
__exit                  0x00000acd   0x14  Code  Gb  exit.o [6]
__iar_data_init3        0x00000a61   0x28  Code  Gb  data_init.o [5]
__iar_program_start     0x00000ae1         Code  Gb  cstartup_M.o [5]
__iar_zero_init3        0x0000066f   0x22  Code  Gb  zero_init3.o [5]
__low_level_init        0x00000ab7    0x4  Code  Gb  low_level_init.o [3]
__vector_table          0x00000000   0xf0  Data  Gb  startup.o [1]
_call_main              0x00000aad         Code  Gb  cmain.o [5]
_exit                   0x00000ac1         Code  Gb  cexit.o [5]
_main                   0x00000ab3         Code  Gb  cmain.o [5]
displayedNumber         0x2000026c    0x4  Data  Gb  lab3.o [1]
exit                    0x00000abb    0x4  Code  Gb  exit.o [3]
g_pfnRAMVectors         0x20000000  0x26c  Data  Lc  interrupt.o [4]
g_pulEnRegs             0x0000044c   0x14  Data  Lc  interrupt.o [4]
g_pulRCGCRegs           0x00000824    0xc  Data  Lc  sysctl.o [4]
intPortG                0x00000507   0x58  Code  Gb  lab3.o [1]
len                     0x20000274    0x4  Data  Gb  lab3.o [1]
main                    0x0000055f   0xd6  Code  Gb  lab3.o [1]
moveLine                0x00000489   0x2c  Code  Gb  lab3.o [1]
numberToDisplay         0x20000270    0x4  Data  Gb  lab3.o [1]
out                     0x00000901   0x18  Code  Lc  xprintftiny.o [3]
printStringLCD          0x000004bf   0x3c  Code  Gb  lab3.o [1]
pulStack                0x20000288  0x100  Data  Lc  startup.o [1]
sprintf                 0x000008cd   0x34  Code  Gb  sprintf.o [3]
string                  0x20000278   0x10  Data  Gb  lab3.o [1]
strlen                  0x00000831         Code  Gb  strlen.o [5]
toggleEnable            0x00000461   0x28  Code  Gb  lab3.o [1]


[1] = C:\Program Files\IAR Systems\Embedded Workbench 6.5\arm\examples\TexasInstruments\Stellaris\boards\ek-lm3s1968\Lab3 - Part 3\ewarm\Obj
[2] = command line
[3] = dl7M_tln.a
[4] = driverlib-cm3.a
[5] = rt7M_tl.a
[6] = shb_l.a

  2 542 bytes of readonly  code memory
    264 bytes of readonly  data memory
    904 bytes of readwrite data memory

Errors: none
Warnings: none
