###############################################################################
#                                                                             #
# IAR ELF Linker V6.50.2.4510/W32 for ARM               14/Mar/2013  13:56:27 #
# Copyright 2007-2012 IAR Systems AB.                                         #
#                                                                             #
#    Output file  =  C:\Program Files\IAR Systems\Embedded Workbench          #
#                    6.5\arm\examples\TexasInstruments\Stellaris\boards\ek-lm #
#                    3s1968\Lab4 - Homework\ewarm\Exe\lab3.out                #
#    Map file     =  C:\Program Files\IAR Systems\Embedded Workbench          #
#                    6.5\arm\examples\TexasInstruments\Stellaris\boards\ek-lm #
#                    3s1968\Lab4 - Homework\ewarm\List\lab3.map               #
#    Command line =  "C:\Program Files\IAR Systems\Embedded Workbench         #
#                    6.5\arm\examples\TexasInstruments\Stellaris\boards\ek-lm #
#                    3s1968\Lab4 - Homework\ewarm\Obj\lab3.o" "C:\Program     #
#                    Files\IAR Systems\Embedded Workbench                     #
#                    6.5\arm\examples\TexasInstruments\Stellaris\boards\ek-lm #
#                    3s1968\Lab4 - Homework\ewarm\Obj\startup.o" "C:\Program  #
#                    Files\IAR Systems\Embedded Workbench                     #
#                    6.5\arm\examples\TexasInstruments\Stellaris\driverlib\ew #
#                    arm-cm3\Exe\driverlib-cm3.a" --redirect                  #
#                    _Printf=_PrintfTiny --redirect _Scanf=_ScanfSmall -o     #
#                    "C:\Program Files\IAR Systems\Embedded Workbench         #
#                    6.5\arm\examples\TexasInstruments\Stellaris\boards\ek-lm #
#                    3s1968\Lab4 - Homework\ewarm\Exe\lab3.out" --map         #
#                    "C:\Program Files\IAR Systems\Embedded Workbench         #
#                    6.5\arm\examples\TexasInstruments\Stellaris\boards\ek-lm #
#                    3s1968\Lab4 - Homework\ewarm\List\lab3.map" --config     #
#                    "C:\Program Files\IAR Systems\Embedded Workbench         #
#                    6.5\arm\examples\TexasInstruments\Stellaris\boards\ek-lm #
#                    3s1968\Lab4 - Homework\lab3.icf" --semihosting --entry   #
#                    __iar_program_start --vfe                                #
#                                                                             #
#                                                                             #
###############################################################################

*******************************************************************************
*** RUNTIME MODEL ATTRIBUTES
***

CppFlavor       = *
__SystemLibrary = DLib


*******************************************************************************
*** PLACEMENT SUMMARY
***

"A1":  place at start of [0x00000000-0x0003ffff] { ro section .intvec };
"P1":  place in [from 0x00000000 to 0x0003ffff] { ro };
"A2":  place at start of [0x20000000-0x2000ffff] { section VTABLE };
"P2":  place in [from 0x20000000 to 0x2000ffff] { rw, block HEAP };

  Section            Kind        Address   Size  Object
  -------            ----        -------   ----  ------
"A1":                                      0xf0
  .intvec            const    0x00000000   0xf0  startup.o [1]
                            - 0x000000f0   0xf0

"P1":                                     0x7d4
  .text              ro code  0x000000f0  0x234  lab3.o [1]
  .text              ro code  0x00000324  0x110  timer.o [4]
  .text              ro code  0x00000434  0x106  gpio.o [4]
  .text              ro code  0x0000053a   0x2e  copy_init3.o [5]
  .text              ro code  0x00000568  0x1a0  sysctl.o [4]
  .text              ro code  0x00000708   0xa4  interrupt.o [4]
  .text              ro code  0x000007ac   0x28  data_init.o [5]
  .text              ro code  0x000007d4   0x22  zero_init3.o [5]
  .iar.init_table    const    0x000007f8   0x24  - Linker created -
  .text              ro code  0x0000081c   0x16  cmain.o [5]
  .text              ro code  0x00000832    0x4  low_level_init.o [3]
  .text              ro code  0x00000836    0x4  exit.o [3]
  .text              ro code  0x0000083c    0xa  cexit.o [5]
  .text              ro code  0x00000848   0x14  exit.o [6]
  .text              ro code  0x0000085c    0xc  cstartup_M.o [5]
  .text              ro code  0x00000868    0xa  startup.o [1]
  .rodata            const    0x00000872    0x0  zero_init3.o [5]
  .rodata            const    0x00000872    0x0  copy_init3.o [5]
  Initializer bytes  ro data  0x00000874   0x50  <for P2 s0>
                            - 0x000008c4  0x7d4

"A2":                                     0x26c
  VTABLE             zero     0x20000000  0x26c  interrupt.o [4]
                            - 0x2000026c  0x26c

"P2", part 1 of 2:                         0x50
  P2 s0                       0x2000026c   0x50  <Init block>
    .data            inited   0x2000026c   0x50  lab3.o [1]
                            - 0x200002bc   0x50

"P2", part 2 of 2:                        0x100
  .noinit            uninit   0x200002bc  0x100  startup.o [1]
                            - 0x200003bc  0x100


*******************************************************************************
*** INIT TABLE
***

          Address     Size
          -------     ----
Zero (__iar_zero_init3)
    1 destination range, total size 0x26c:
          0x20000000  0x26c

Copy (__iar_copy_init3)
    1 source range, total size 0x50:
          0x00000874   0x50
    1 destination range, total size 0x50:
          0x2000026c   0x50



*******************************************************************************
*** MODULE SUMMARY
***

    Module            ro code  ro data  rw data
    ------            -------  -------  -------
C:\Program Files\IAR Systems\Embedded Workbench 6.5\arm\examples\TexasInstruments\Stellaris\boards\ek-lm3s1968\Lab4 - Homework\ewarm\Obj: [1]
    lab3.o                564       80       80
    startup.o              10      240      256
    -------------------------------------------
    Total:                574      320      336

command line: [2]
    -------------------------------------------
    Total:

dl7M_tln.a: [3]
    exit.o                  4
    low_level_init.o        4
    -------------------------------------------
    Total:                  8

driverlib-cm3.a: [4]
    gpio.o                262
    interrupt.o           164               620
    sysctl.o              416
    timer.o               272
    -------------------------------------------
    Total:              1 114               620

rt7M_tl.a: [5]
    cexit.o                10
    cmain.o                22
    copy_init3.o           46
    cstartup_M.o           12
    data_init.o            40
    zero_init3.o           34
    -------------------------------------------
    Total:                164

shb_l.a: [6]
    exit.o                 20
    -------------------------------------------
    Total:                 20

    Gaps                    4        2
    Linker created                  38
-----------------------------------------------
    Grand Total:        1 884      360      956


*******************************************************************************
*** ENTRY LIST
***

Entry                      Address   Size  Type      Object
-----                      -------   ----  ----      ------
?main                   0x0000081d         Code  Gb  cmain.o [5]
FaultISR                0x0000086f    0x2  Code  Lc  startup.o [1]
GPIODirModeSet          0x00000435   0x28  Code  Gb  gpio.o [4]
GPIOPadConfigSet        0x0000045d   0x98  Code  Gb  gpio.o [4]
GPIOPinRead             0x000004f5    0x6  Code  Gb  gpio.o [4]
GPIOPinTypeGPIOInput    0x00000505   0x1a  Code  Gb  gpio.o [4]
GPIOPinTypeGPIOOutput   0x0000051f    0xa  Code  Gb  gpio.o [4]
GPIOPinWrite            0x000004fb    0x6  Code  Gb  gpio.o [4]
IntDefaultHandler       0x00000871    0x2  Code  Lc  startup.o [1]
IntEnable               0x0000072f   0x58  Code  Gb  interrupt.o [4]
IntRegister             0x00000709   0x26  Code  Gb  interrupt.o [4]
NmiSR                   0x0000086d    0x2  Code  Lc  startup.o [1]
Region$$Table$$Base     0x000007f8          --   Gb  - Linker created -
Region$$Table$$Limit    0x0000081c          --   Gb  - Linker created -
ResetISR                0x00000869    0x4  Code  Gb  startup.o [1]
SysCtlClockSet          0x000005c1  0x116  Code  Gb  sysctl.o [4]
SysCtlDelay             0x000005b9    0x8  Code  Gb  sysctl.o [4]
SysCtlLDOSet            0x000005b1    0x8  Code  Gb  sysctl.o [4]
SysCtlPeripheralEnable  0x00000569   0x1c  Code  Gb  sysctl.o [4]
TimerConfigure          0x00000353   0x26  Code  Gb  timer.o [4]
TimerEnable             0x00000347    0xc  Code  Gb  timer.o [4]
TimerIntClear           0x000003d1    0x4  Code  Gb  timer.o [4]
TimerIntEnable          0x000003c7    0x4  Code  Gb  timer.o [4]
TimerIntNumberGet       0x00000325   0x22  Code  Lc  timer.o [4]
TimerIntRegister        0x0000038d   0x3a  Code  Gb  timer.o [4]
TimerLoadSet            0x0000037d   0x10  Code  Gb  timer.o [4]
__cmain                 0x0000081d         Code  Gb  cmain.o [5]
__exit                  0x00000849   0x14  Code  Gb  exit.o [6]
__iar_copy_init3        0x0000053b   0x2e  Code  Gb  copy_init3.o [5]
__iar_data_init3        0x000007ad   0x28  Code  Gb  data_init.o [5]
__iar_program_start     0x0000085d         Code  Gb  cstartup_M.o [5]
__iar_zero_init3        0x000007d5   0x22  Code  Gb  zero_init3.o [5]
__low_level_init        0x00000833    0x4  Code  Gb  low_level_init.o [3]
__vector_table          0x00000000   0xf0  Data  Gb  startup.o [1]
_call_main              0x00000829         Code  Gb  cmain.o [5]
_exit                   0x0000083d         Code  Gb  cexit.o [5]
_main                   0x0000082f         Code  Gb  cmain.o [5]
displayValue            0x200002ac    0x8  Data  Gb  lab3.o [1]
exit                    0x00000837    0x4  Code  Gb  exit.o [3]
g_pfnRAMVectors         0x20000000  0x26c  Data  Lc  interrupt.o [4]
g_ppulTimerIntMap       0x000003d4   0x60  Data  Lc  timer.o [4]
g_pulEnRegs             0x00000798   0x14  Data  Lc  interrupt.o [4]
g_pulRCGCRegs           0x000006fc    0xc  Data  Lc  sysctl.o [4]
lastPress               0x200002b8    0x4  Data  Gb  lab3.o [1]
main                    0x00000143  0x19c  Code  Gb  lab3.o [1]
position                0x200002b4    0x4  Data  Gb  lab3.o [1]
pulStack                0x200002bc  0x100  Data  Lc  startup.o [1]
rollValue               0x000000f1    0x8  Code  Gb  lab3.o [1]
timer1Int               0x000000f9   0x3c  Code  Gb  lab3.o [1]
valueArray              0x2000026c   0x40  Data  Gb  lab3.o [1]


[1] = C:\Program Files\IAR Systems\Embedded Workbench 6.5\arm\examples\TexasInstruments\Stellaris\boards\ek-lm3s1968\Lab4 - Homework\ewarm\Obj
[2] = command line
[3] = dl7M_tln.a
[4] = driverlib-cm3.a
[5] = rt7M_tl.a
[6] = shb_l.a

  1 884 bytes of readonly  code memory
    360 bytes of readonly  data memory
    956 bytes of readwrite data memory

Errors: none
Warnings: none
