###############################################################################
#                                                                             #
# IAR ELF Linker V6.50.2.4510/W32 for ARM               24/Feb/2013  03:27:04 #
# Copyright 2007-2012 IAR Systems AB.                                         #
#                                                                             #
#    Output file  =  C:\Program Files\IAR Systems\Embedded Workbench          #
#                    6.5\arm\examples\TexasInstruments\Stellaris\boards\ek-lm #
#                    3s1968\Lab1 - Scrolling LCD\ewarm\Exe\lab1.out           #
#    Map file     =  C:\Program Files\IAR Systems\Embedded Workbench          #
#                    6.5\arm\examples\TexasInstruments\Stellaris\boards\ek-lm #
#                    3s1968\Lab1 - Scrolling LCD\ewarm\List\lab1.map          #
#    Command line =  "C:\Program Files\IAR Systems\Embedded Workbench         #
#                    6.5\arm\examples\TexasInstruments\Stellaris\boards\ek-lm #
#                    3s1968\Lab1 - Scrolling LCD\ewarm\Obj\class-d.o"         #
#                    "C:\Program Files\IAR Systems\Embedded Workbench         #
#                    6.5\arm\examples\TexasInstruments\Stellaris\boards\ek-lm #
#                    3s1968\Lab1 - Scrolling LCD\ewarm\Obj\lab1.o"            #
#                    "C:\Program Files\IAR Systems\Embedded Workbench         #
#                    6.5\arm\examples\TexasInstruments\Stellaris\boards\ek-lm #
#                    3s1968\Lab1 - Scrolling LCD\ewarm\Obj\rit128x96x4.o"     #
#                    "C:\Program Files\IAR Systems\Embedded Workbench         #
#                    6.5\arm\examples\TexasInstruments\Stellaris\boards\ek-lm #
#                    3s1968\Lab1 - Scrolling LCD\ewarm\Obj\startup.o"         #
#                    "C:\Program Files\IAR Systems\Embedded Workbench         #
#                    6.5\arm\examples\TexasInstruments\Stellaris\driverlib\ew #
#                    arm-cm3\Exe\driverlib-cm3.a" --redirect                  #
#                    _Printf=_PrintfTiny --redirect _Scanf=_ScanfSmall -o     #
#                    "C:\Program Files\IAR Systems\Embedded Workbench         #
#                    6.5\arm\examples\TexasInstruments\Stellaris\boards\ek-lm #
#                    3s1968\Lab1 - Scrolling LCD\ewarm\Exe\lab1.out" --map    #
#                    "C:\Program Files\IAR Systems\Embedded Workbench         #
#                    6.5\arm\examples\TexasInstruments\Stellaris\boards\ek-lm #
#                    3s1968\Lab1 - Scrolling LCD\ewarm\List\lab1.map"         #
#                    --config "C:\Program Files\IAR Systems\Embedded          #
#                    Workbench 6.5\arm\examples\TexasInstruments\Stellaris\bo #
#                    ards\ek-lm3s1968\Lab1 - Scrolling LCD\lab1.icf"          #
#                    --semihosting --entry __iar_program_start --vfe          #
#                                                                             #
#                                                                             #
###############################################################################

*******************************************************************************
*** RUNTIME MODEL ATTRIBUTES
***

CppFlavor       = *
__SystemLibrary = DLib


*******************************************************************************
*** PLACEMENT SUMMARY
***

"A1":  place at start of [0x00000000-0x0003ffff] { ro section .intvec };
"P1":  place in [from 0x00000000 to 0x0003ffff] { ro };
"P2":  place in [from 0x20000000 to 0x2000ffff] { rw, block HEAP };

  Section            Kind        Address   Size  Object
  -------            ----        -------   ----  ------
"A1":                                      0xf0
  .intvec            const    0x00000000   0xf0  startup.o [1]
                            - 0x000000f0   0xf0

"P1":                                     0x754
  .text              ro code  0x000000f0  0x216  lab1.o [1]
  .text              ro code  0x00000306   0x2e  copy_init3.o [5]
  .text              ro code  0x00000334  0x106  gpio.o [4]
  .text              ro code  0x0000043c  0x1a0  sysctl.o [4]
  .text              ro code  0x000005dc   0x36  strlen.o [5]
  .rodata            const    0x00000614  0x154  lab1.o [1]
  .text              ro code  0x00000768   0x28  data_init.o [5]
  .iar.init_table    const    0x00000790   0x14  - Linker created -
  .text              ro code  0x000007a4   0x16  cmain.o [5]
  .text              ro code  0x000007ba    0x4  low_level_init.o [3]
  .text              ro code  0x000007be    0x4  exit.o [3]
  .text              ro code  0x000007c4    0xa  cexit.o [5]
  .text              ro code  0x000007d0   0x14  exit.o [6]
  .text              ro code  0x000007e4    0xc  cstartup_M.o [5]
  .text              ro code  0x000007f0    0xa  startup.o [1]
  .rodata            const    0x000007fa    0x0  copy_init3.o [5]
  Initializer bytes  ro data  0x000007fc   0x48  <for P2 s0>
                            - 0x00000844  0x754

"P2", part 1 of 2:                         0x48
  P2 s0                       0x20000000   0x48  <Init block>
    .data            inited   0x20000000   0x48  lab1.o [1]
                            - 0x20000048   0x48

"P2", part 2 of 2:                        0x100
  .noinit            uninit   0x20000048  0x100  startup.o [1]
                            - 0x20000148  0x100


*******************************************************************************
*** INIT TABLE
***

          Address     Size
          -------     ----
Copy (__iar_copy_init3)
    1 source range, total size 0x48:
          0x000007fc  0x48
    1 destination range, total size 0x48:
          0x20000000  0x48



*******************************************************************************
*** MODULE SUMMARY
***

    Module            ro code  ro data  rw data
    ------            -------  -------  -------
C:\Program Files\IAR Systems\Embedded Workbench 6.5\arm\examples\TexasInstruments\Stellaris\boards\ek-lm3s1968\Lab1 - Scrolling LCD\ewarm\Obj: [1]
    lab1.o                534      412       72
    startup.o              10      240      256
    -------------------------------------------
    Total:                544      652      328

command line: [2]
    -------------------------------------------
    Total:

dl7M_tln.a: [3]
    exit.o                  4
    low_level_init.o        4
    -------------------------------------------
    Total:                  8

driverlib-cm3.a: [4]
    gpio.o                262
    sysctl.o              416
    -------------------------------------------
    Total:                678

rt7M_tl.a: [5]
    cexit.o                10
    cmain.o                22
    copy_init3.o           46
    cstartup_M.o           12
    data_init.o            40
    strlen.o               54
    -------------------------------------------
    Total:                184

shb_l.a: [6]
    exit.o                 20
    -------------------------------------------
    Total:                 20

    Gaps                    6        2
    Linker created                  22
-----------------------------------------------
    Grand Total:        1 440      676      328


*******************************************************************************
*** ENTRY LIST
***

Entry                      Address   Size  Type      Object
-----                      -------   ----  ----      ------
?main                   0x000007a5         Code  Gb  cmain.o [5]
FaultISR                0x000007f7    0x2  Code  Lc  startup.o [1]
GPIODirModeSet          0x00000335   0x28  Code  Gb  gpio.o [4]
GPIOPadConfigSet        0x0000035d   0x98  Code  Gb  gpio.o [4]
GPIOPinRead             0x000003f5    0x6  Code  Gb  gpio.o [4]
GPIOPinTypeGPIOInput    0x00000405   0x1a  Code  Gb  gpio.o [4]
GPIOPinTypeGPIOOutput   0x0000041f    0xa  Code  Gb  gpio.o [4]
GPIOPinWrite            0x000003fb    0x6  Code  Gb  gpio.o [4]
IntDefaultHandler       0x000007f9    0x2  Code  Lc  startup.o [1]
NmiSR                   0x000007f5    0x2  Code  Lc  startup.o [1]
Region$$Table$$Base     0x00000790          --   Gb  - Linker created -
Region$$Table$$Limit    0x000007a4          --   Gb  - Linker created -
ResetISR                0x000007f1    0x4  Code  Gb  startup.o [1]
SysCtlClockSet          0x00000495  0x116  Code  Gb  sysctl.o [4]
SysCtlDelay             0x0000048d    0x8  Code  Gb  sysctl.o [4]
SysCtlLDOSet            0x00000485    0x8  Code  Gb  sysctl.o [4]
SysCtlPeripheralEnable  0x0000043d   0x1c  Code  Gb  sysctl.o [4]
__cmain                 0x000007a5         Code  Gb  cmain.o [5]
__exit                  0x000007d1   0x14  Code  Gb  exit.o [6]
__iar_copy_init3        0x00000307   0x2e  Code  Gb  copy_init3.o [5]
__iar_data_init3        0x00000769   0x28  Code  Gb  data_init.o [5]
__iar_program_start     0x000007e5         Code  Gb  cstartup_M.o [5]
__low_level_init        0x000007bb    0x4  Code  Gb  low_level_init.o [3]
__vector_table          0x00000000   0xf0  Data  Gb  startup.o [1]
_call_main              0x000007b1         Code  Gb  cmain.o [5]
_exit                   0x000007c5         Code  Gb  cexit.o [5]
_main                   0x000007b7         Code  Gb  cmain.o [5]
currentPosition         0x20000044    0x4  Data  Gb  lab1.o [1]
exit                    0x000007bf    0x4  Code  Gb  exit.o [3]
g_pulRCGCRegs           0x000005d0    0xc  Data  Lc  sysctl.o [4]
line                    0x20000000   0x44  Data  Gb  lab1.o [1]
main                    0x0000019d   0xea  Code  Gb  lab1.o [1]
moveLine                0x0000011d   0x2c  Code  Gb  lab1.o [1]
printStringLCD          0x00000153   0x3e  Code  Gb  lab1.o [1]
pulStack                0x20000048  0x100  Data  Lc  startup.o [1]
strlen                  0x000005dd         Code  Gb  strlen.o [5]
toggleEnable            0x000000f1   0x2c  Code  Gb  lab1.o [1]


[1] = C:\Program Files\IAR Systems\Embedded Workbench 6.5\arm\examples\TexasInstruments\Stellaris\boards\ek-lm3s1968\Lab1 - Scrolling LCD\ewarm\Obj
[2] = command line
[3] = dl7M_tln.a
[4] = driverlib-cm3.a
[5] = rt7M_tl.a
[6] = shb_l.a

  1 440 bytes of readonly  code memory
    676 bytes of readonly  data memory
    328 bytes of readwrite data memory

Errors: none
Warnings: none
